  Individuazione dei progetti da ripristinare...
C:\Users\fjodo\Desktop\Fidelis\src\Infrastructure\Fidelity.Infrastructure\Fidelity.Infrastructure.csproj : warning NU1902: Il pacchetto 'BouncyCastle.Cryptography' 2.2.1 presenta una vulnerabilit├á nota di gravit├á moderata, https://github.com/advisories/GHSA-8xfc-gm6g-vgpv [C:\Users\fjodo\Desktop\Fidelis\Fidelity.Server\Fidelity.Server.csproj]
C:\Users\fjodo\Desktop\Fidelis\src\Infrastructure\Fidelity.Infrastructure\Fidelity.Infrastructure.csproj : warning NU1902: Il pacchetto 'BouncyCastle.Cryptography' 2.2.1 presenta una vulnerabilit├á nota di gravit├á moderata, https://github.com/advisories/GHSA-m44j-cfrm-g8qc [C:\Users\fjodo\Desktop\Fidelis\Fidelity.Server\Fidelity.Server.csproj]
C:\Users\fjodo\Desktop\Fidelis\src\Infrastructure\Fidelity.Infrastructure\Fidelity.Infrastructure.csproj : warning NU1902: Il pacchetto 'BouncyCastle.Cryptography' 2.2.1 presenta una vulnerabilit├á nota di gravit├á moderata, https://github.com/advisories/GHSA-v435-xc8x-wvr9 [C:\Users\fjodo\Desktop\Fidelis\Fidelity.Server\Fidelity.Server.csproj]
C:\Users\fjodo\Desktop\Fidelis\src\Infrastructure\Fidelity.Infrastructure\Fidelity.Infrastructure.csproj : warning NU1903: Il pacchetto 'MimeKit' 4.3.0 presenta una vulnerabilit├á nota di gravit├á alta, https://github.com/advisories/GHSA-gmc6-fwg3-75m5 [C:\Users\fjodo\Desktop\Fidelis\Fidelity.Server\Fidelity.Server.csproj]
  Tutti i progetti sono aggiornati per il ripristino.
C:\Users\fjodo\Desktop\Fidelis\src\Infrastructure\Fidelity.Infrastructure\Fidelity.Infrastructure.csproj : warning NU1902: Il pacchetto 'BouncyCastle.Cryptography' 2.2.1 presenta una vulnerabilit├á nota di gravit├á moderata, https://github.com/advisories/GHSA-8xfc-gm6g-vgpv
C:\Users\fjodo\Desktop\Fidelis\src\Infrastructure\Fidelity.Infrastructure\Fidelity.Infrastructure.csproj : warning NU1902: Il pacchetto 'BouncyCastle.Cryptography' 2.2.1 presenta una vulnerabilit├á nota di gravit├á moderata, https://github.com/advisories/GHSA-m44j-cfrm-g8qc
C:\Users\fjodo\Desktop\Fidelis\src\Infrastructure\Fidelity.Infrastructure\Fidelity.Infrastructure.csproj : warning NU1902: Il pacchetto 'BouncyCastle.Cryptography' 2.2.1 presenta una vulnerabilit├á nota di gravit├á moderata, https://github.com/advisories/GHSA-v435-xc8x-wvr9
C:\Users\fjodo\Desktop\Fidelis\src\Infrastructure\Fidelity.Infrastructure\Fidelity.Infrastructure.csproj : warning NU1903: Il pacchetto 'MimeKit' 4.3.0 presenta una vulnerabilit├á nota di gravit├á alta, https://github.com/advisories/GHSA-gmc6-fwg3-75m5
  Fidelity.Shared -> C:\Users\fjodo\Desktop\Fidelis\Fidelity.Shared\bin\Debug\net10.0\Fidelity.Shared.dll
  Fidelity.Domain -> C:\Users\fjodo\Desktop\Fidelis\src\Core\Fidelity.Domain\bin\Debug\net10.0\Fidelity.Domain.dll
  Fidelity.Application -> C:\Users\fjodo\Desktop\Fidelis\src\Core\Fidelity.Application\bin\Debug\net10.0\Fidelity.Application.dll
  Fidelity.Infrastructure -> C:\Users\fjodo\Desktop\Fidelis\src\Infrastructure\Fidelity.Infrastructure\bin\Debug\net10.0\Fidelity.Infrastructure.dll
  Fidelity.Client -> C:\Users\fjodo\Desktop\Fidelis\Fidelity.Client\bin\Debug\net10.0\Fidelity.Client.dll
  Fidelity.Client (Blazor output) -> C:\Users\fjodo\Desktop\Fidelis\Fidelity.Client\bin\Debug\net10.0\wwwroot
C:\Users\fjodo\Desktop\Fidelis\Fidelity.Server\Controllers\TransazioniController .cs(87,17): warning CS0162: ├ê stato rilevato codice non raggiungibile [C:\Users\fjodo\Desktop\Fidelis\Fidelity.Server\Fidelity.Server.csproj]
C:\Users\fjodo\Desktop\Fidelis\Fidelity.Server\Services\TransazioneService.cs(98,25): warning CS8603: Possibile restituzione di riferimento Null. [C:\Users\fjodo\Desktop\Fidelis\Fidelity.Server\Fidelity.Server.csproj]
C:\Users\fjodo\Desktop\Fidelis\Fidelity.Server\Services\EmailService.cs(107,55): error CS0246: Il nome di tipo o di spazio dei nomi 'ProtocolLogger' non ├¿ stato trovato. Probabilmente manca una direttiva using o un riferimento all'assembly. [C:\Users\fjodo\Desktop\Fidelis\Fidelity.Server\Fidelity.Server.csproj]
C:\Users\fjodo\Desktop\Fidelis\Fidelity.Server\Services\EmailService.cs(111,31): warning CS8604: Possibile argomento di riferimento Null per il parametro 's' in 'int int.Parse(string s)'. [C:\Users\fjodo\Desktop\Fidelis\Fidelity.Server\Fidelity.Server.csproj]
C:\Users\fjodo\Desktop\Fidelis\Fidelity.Server\Services\EmailService.cs(213,55): error CS0246: Il nome di tipo o di spazio dei nomi 'ProtocolLogger' non ├¿ stato trovato. Probabilmente manca una direttiva using o un riferimento all'assembly. [C:\Users\fjodo\Desktop\Fidelis\Fidelity.Server\Fidelity.Server.csproj]
C:\Users\fjodo\Desktop\Fidelis\Fidelity.Server\Services\EmailService.cs(217,31): warning CS8604: Possibile argomento di riferimento Null per il parametro 's' in 'int int.Parse(string s)'. [C:\Users\fjodo\Desktop\Fidelis\Fidelity.Server\Fidelity.Server.csproj]
C:\Users\fjodo\Desktop\Fidelis\Fidelity.Server\Services\EmailService.cs(295,55): error CS0246: Il nome di tipo o di spazio dei nomi 'ProtocolLogger' non ├¿ stato trovato. Probabilmente manca una direttiva using o un riferimento all'assembly. [C:\Users\fjodo\Desktop\Fidelis\Fidelity.Server\Fidelity.Server.csproj]
C:\Users\fjodo\Desktop\Fidelis\Fidelity.Server\Services\EmailService.cs(298,31): warning CS8604: Possibile argomento di riferimento Null per il parametro 's' in 'int int.Parse(string s)'. [C:\Users\fjodo\Desktop\Fidelis\Fidelity.Server\Fidelity.Server.csproj]
C:\Users\fjodo\Desktop\Fidelis\Fidelity.Server\Controllers\RegistrazioneController.cs(255,25): warning CS8604: Possibile argomento di riferimento Null per il parametro 'puntoVendita' in 'Task<byte[]> ICardGeneratorService.GeneraCardDigitaleAsync(Cliente cliente, PuntoVendita puntoVendita)'. [C:\Users\fjodo\Desktop\Fidelis\Fidelity.Server\Fidelity.Server.csproj]
C:\Users\fjodo\Desktop\Fidelis\Fidelity.Server\Controllers\AuthController.cs(131,42): warning CS8601: Possibile assegnazione di riferimento Null. [C:\Users\fjodo\Desktop\Fidelis\Fidelity.Server\Fidelity.Server.csproj]
C:\Users\fjodo\Desktop\Fidelis\Fidelity.Server\Controllers\AuthController.cs(132,40): warning CS8601: Possibile assegnazione di riferimento Null. [C:\Users\fjodo\Desktop\Fidelis\Fidelity.Server\Fidelity.Server.csproj]
C:\Users\fjodo\Desktop\Fidelis\Fidelity.Server\Controllers\AuthController.cs(138,30): warning CS0168: La variabile 'ex' ├¿ dichiarata, ma non viene mai usata [C:\Users\fjodo\Desktop\Fidelis\Fidelity.Server\Fidelity.Server.csproj]
C:\Users\fjodo\Desktop\Fidelis\Fidelity.Server\Controllers\AuthController.cs(180,30): warning CS0168: La variabile 'ex' ├¿ dichiarata, ma non viene mai usata [C:\Users\fjodo\Desktop\Fidelis\Fidelity.Server\Fidelity.Server.csproj]
C:\Users\fjodo\Desktop\Fidelis\Fidelity.Server\Controllers\AuthController.cs(226,30): warning CS0168: La variabile 'ex' ├¿ dichiarata, ma non viene mai usata [C:\Users\fjodo\Desktop\Fidelis\Fidelity.Server\Fidelity.Server.csproj]
C:\Users\fjodo\Desktop\Fidelis\Fidelity.Server\Controllers\AuthController.cs(260,30): warning CS0168: La variabile 'ex' ├¿ dichiarata, ma non viene mai usata [C:\Users\fjodo\Desktop\Fidelis\Fidelity.Server\Fidelity.Server.csproj]
C:\Users\fjodo\Desktop\Fidelis\Fidelity.Server\Controllers\AuthController.cs(470,103): warning CS8604: Possibile argomento di riferimento Null per il parametro 'puntoVendita' in 'Task<byte[]> ICardGeneratorService.GeneraCardDigitaleAsync(Cliente cliente, PuntoVendita puntoVendita)'. [C:\Users\fjodo\Desktop\Fidelis\Fidelity.Server\Fidelity.Server.csproj]

Compilazione NON RIUSCITA.

C:\Users\fjodo\Desktop\Fidelis\src\Infrastructure\Fidelity.Infrastructure\Fidelity.Infrastructure.csproj : warning NU1902: Il pacchetto 'BouncyCastle.Cryptography' 2.2.1 presenta una vulnerabilit├á nota di gravit├á moderata, https://github.com/advisories/GHSA-8xfc-gm6g-vgpv [C:\Users\fjodo\Desktop\Fidelis\Fidelity.Server\Fidelity.Server.csproj]
C:\Users\fjodo\Desktop\Fidelis\src\Infrastructure\Fidelity.Infrastructure\Fidelity.Infrastructure.csproj : warning NU1902: Il pacchetto 'BouncyCastle.Cryptography' 2.2.1 presenta una vulnerabilit├á nota di gravit├á moderata, https://github.com/advisories/GHSA-m44j-cfrm-g8qc [C:\Users\fjodo\Desktop\Fidelis\Fidelity.Server\Fidelity.Server.csproj]
C:\Users\fjodo\Desktop\Fidelis\src\Infrastructure\Fidelity.Infrastructure\Fidelity.Infrastructure.csproj : warning NU1902: Il pacchetto 'BouncyCastle.Cryptography' 2.2.1 presenta una vulnerabilit├á nota di gravit├á moderata, https://github.com/advisories/GHSA-v435-xc8x-wvr9 [C:\Users\fjodo\Desktop\Fidelis\Fidelity.Server\Fidelity.Server.csproj]
C:\Users\fjodo\Desktop\Fidelis\src\Infrastructure\Fidelity.Infrastructure\Fidelity.Infrastructure.csproj : warning NU1903: Il pacchetto 'MimeKit' 4.3.0 presenta una vulnerabilit├á nota di gravit├á alta, https://github.com/advisories/GHSA-gmc6-fwg3-75m5 [C:\Users\fjodo\Desktop\Fidelis\Fidelity.Server\Fidelity.Server.csproj]
C:\Users\fjodo\Desktop\Fidelis\src\Infrastructure\Fidelity.Infrastructure\Fidelity.Infrastructure.csproj : warning NU1902: Il pacchetto 'BouncyCastle.Cryptography' 2.2.1 presenta una vulnerabilit├á nota di gravit├á moderata, https://github.com/advisories/GHSA-8xfc-gm6g-vgpv
C:\Users\fjodo\Desktop\Fidelis\src\Infrastructure\Fidelity.Infrastructure\Fidelity.Infrastructure.csproj : warning NU1902: Il pacchetto 'BouncyCastle.Cryptography' 2.2.1 presenta una vulnerabilit├á nota di gravit├á moderata, https://github.com/advisories/GHSA-m44j-cfrm-g8qc
C:\Users\fjodo\Desktop\Fidelis\src\Infrastructure\Fidelity.Infrastructure\Fidelity.Infrastructure.csproj : warning NU1902: Il pacchetto 'BouncyCastle.Cryptography' 2.2.1 presenta una vulnerabilit├á nota di gravit├á moderata, https://github.com/advisories/GHSA-v435-xc8x-wvr9
C:\Users\fjodo\Desktop\Fidelis\src\Infrastructure\Fidelity.Infrastructure\Fidelity.Infrastructure.csproj : warning NU1903: Il pacchetto 'MimeKit' 4.3.0 presenta una vulnerabilit├á nota di gravit├á alta, https://github.com/advisories/GHSA-gmc6-fwg3-75m5
C:\Users\fjodo\Desktop\Fidelis\Fidelity.Server\Controllers\TransazioniController .cs(87,17): warning CS0162: ├ê stato rilevato codice non raggiungibile [C:\Users\fjodo\Desktop\Fidelis\Fidelity.Server\Fidelity.Server.csproj]
C:\Users\fjodo\Desktop\Fidelis\Fidelity.Server\Services\TransazioneService.cs(98,25): warning CS8603: Possibile restituzione di riferimento Null. [C:\Users\fjodo\Desktop\Fidelis\Fidelity.Server\Fidelity.Server.csproj]
C:\Users\fjodo\Desktop\Fidelis\Fidelity.Server\Services\EmailService.cs(111,31): warning CS8604: Possibile argomento di riferimento Null per il parametro 's' in 'int int.Parse(string s)'. [C:\Users\fjodo\Desktop\Fidelis\Fidelity.Server\Fidelity.Server.csproj]
C:\Users\fjodo\Desktop\Fidelis\Fidelity.Server\Services\EmailService.cs(217,31): warning CS8604: Possibile argomento di riferimento Null per il parametro 's' in 'int int.Parse(string s)'. [C:\Users\fjodo\Desktop\Fidelis\Fidelity.Server\Fidelity.Server.csproj]
C:\Users\fjodo\Desktop\Fidelis\Fidelity.Server\Services\EmailService.cs(298,31): warning CS8604: Possibile argomento di riferimento Null per il parametro 's' in 'int int.Parse(string s)'. [C:\Users\fjodo\Desktop\Fidelis\Fidelity.Server\Fidelity.Server.csproj]
C:\Users\fjodo\Desktop\Fidelis\Fidelity.Server\Controllers\RegistrazioneController.cs(255,25): warning CS8604: Possibile argomento di riferimento Null per il parametro 'puntoVendita' in 'Task<byte[]> ICardGeneratorService.GeneraCardDigitaleAsync(Cliente cliente, PuntoVendita puntoVendita)'. [C:\Users\fjodo\Desktop\Fidelis\Fidelity.Server\Fidelity.Server.csproj]
C:\Users\fjodo\Desktop\Fidelis\Fidelity.Server\Controllers\AuthController.cs(131,42): warning CS8601: Possibile assegnazione di riferimento Null. [C:\Users\fjodo\Desktop\Fidelis\Fidelity.Server\Fidelity.Server.csproj]
C:\Users\fjodo\Desktop\Fidelis\Fidelity.Server\Controllers\AuthController.cs(132,40): warning CS8601: Possibile assegnazione di riferimento Null. [C:\Users\fjodo\Desktop\Fidelis\Fidelity.Server\Fidelity.Server.csproj]
C:\Users\fjodo\Desktop\Fidelis\Fidelity.Server\Controllers\AuthController.cs(138,30): warning CS0168: La variabile 'ex' ├¿ dichiarata, ma non viene mai usata [C:\Users\fjodo\Desktop\Fidelis\Fidelity.Server\Fidelity.Server.csproj]
C:\Users\fjodo\Desktop\Fidelis\Fidelity.Server\Controllers\AuthController.cs(180,30): warning CS0168: La variabile 'ex' ├¿ dichiarata, ma non viene mai usata [C:\Users\fjodo\Desktop\Fidelis\Fidelity.Server\Fidelity.Server.csproj]
C:\Users\fjodo\Desktop\Fidelis\Fidelity.Server\Controllers\AuthController.cs(226,30): warning CS0168: La variabile 'ex' ├¿ dichiarata, ma non viene mai usata [C:\Users\fjodo\Desktop\Fidelis\Fidelity.Server\Fidelity.Server.csproj]
C:\Users\fjodo\Desktop\Fidelis\Fidelity.Server\Controllers\AuthController.cs(260,30): warning CS0168: La variabile 'ex' ├¿ dichiarata, ma non viene mai usata [C:\Users\fjodo\Desktop\Fidelis\Fidelity.Server\Fidelity.Server.csproj]
C:\Users\fjodo\Desktop\Fidelis\Fidelity.Server\Controllers\AuthController.cs(470,103): warning CS8604: Possibile argomento di riferimento Null per il parametro 'puntoVendita' in 'Task<byte[]> ICardGeneratorService.GeneraCardDigitaleAsync(Cliente cliente, PuntoVendita puntoVendita)'. [C:\Users\fjodo\Desktop\Fidelis\Fidelity.Server\Fidelity.Server.csproj]
C:\Users\fjodo\Desktop\Fidelis\Fidelity.Server\Services\EmailService.cs(107,55): error CS0246: Il nome di tipo o di spazio dei nomi 'ProtocolLogger' non ├¿ stato trovato. Probabilmente manca una direttiva using o un riferimento all'assembly. [C:\Users\fjodo\Desktop\Fidelis\Fidelity.Server\Fidelity.Server.csproj]
C:\Users\fjodo\Desktop\Fidelis\Fidelity.Server\Services\EmailService.cs(213,55): error CS0246: Il nome di tipo o di spazio dei nomi 'ProtocolLogger' non ├¿ stato trovato. Probabilmente manca una direttiva using o un riferimento all'assembly. [C:\Users\fjodo\Desktop\Fidelis\Fidelity.Server\Fidelity.Server.csproj]
C:\Users\fjodo\Desktop\Fidelis\Fidelity.Server\Services\EmailService.cs(295,55): error CS0246: Il nome di tipo o di spazio dei nomi 'ProtocolLogger' non ├¿ stato trovato. Probabilmente manca una direttiva using o un riferimento all'assembly. [C:\Users\fjodo\Desktop\Fidelis\Fidelity.Server\Fidelity.Server.csproj]
    Avvisi: 21
    Errori: 3

Tempo trascorso 00:00:10.71
